// Jest Snapshot v1, https://goo.gl/fbAQLP

exports[`<ErrorMessage /> should renders the component 1`] = `
<p
  class="sc-bdfBwQ gjzUfc"
/>
`;
